hrmService.ts:94 
 POST https://backend2.errumbd.com/api/hrm/attendance/mark 500 (Internal Server Error)
Promise.then		
markAttendance	@	hrmService.ts:94
handleSubmit	@	AttendanceModal.tsx:58
<form>		
AttendanceModal	@	AttendanceModal.tsx:102
<AttendanceModal>		
BranchHRMPage	@	page.tsx:510

{
    "message": "Undefined variable $attendance",
    "exception": "ErrorException",
    "file": "/home/errumbdc/backend2.errumbd.com/backend/app/Http/Controllers/AttendanceController.php",
    "line": 321,
    "trace": [
        {
            "file": "/home/errumbdc/backend2.errumbd.com/backend/vendor/laravel/framework/src/Illuminate/Foundation/Bootstrap/HandleExceptions.php",
            "line": 255,
            "function": "handleError",
            "class": "Illuminate\\Foundation\\Bootstrap\\HandleExceptions",
            "type": "->"
        },

